// Vitest Snapshot v1, https://vitest.dev/guide/snapshot.html

exports[`AuthCard visual fidelity > renders the login snapshot 1`] = `
<div
  class="h-full transition-all duration-700 ease-out opacity-0 translate-y-4"
  data-testid="auth-card"
>
  <div
    class="flex flex-col overflow-hidden box-border outline-solid outline-transparent data-[focus-visible=true]:z-10 data-[focus-visible=true]:outline-2 data-[focus-visible=true]:outline-focus data-[focus-visible=true]:outline-offset-2 shadow-none rounded-large transition-transform-background motion-reduce:transition-none relative z-10 h-full w-full bg-transparent p-0 text-white"
    tabindex="-1"
  >
    <div
      class="z-10 w-full justify-start shrink-0 overflow-inherit color-inherit subpixel-antialiased flex flex-col items-center gap-3 rounded-[32px] bg-[#F5E6D3]/10 backdrop-blur-md border border-[#F5E6D3]/30 p-6 mb-6 shadow-lg"
    >
      <p
        class="text-xs uppercase tracking-[0.45em] text-[#F5E6D3]/60 [text-shadow:1px_1px_0_#000,-1px_-1px_0_#000,1px_-1px_0_#000,-1px_1px_0_#000]"
      >
        ZENSTREAM ACCESS
      </p>
      <h2
        class="font-landing-serif text-3xl text-[#F5E6D3] [text-shadow:1px_1px_0_#000,-1px_-1px_0_#000,1px_-1px_0_#000,-1px_1px_0_#000]"
        data-testid="auth-headline"
      >
        SATTVA
      </h2>
      <p
        class="text-sm text-[#F5E6D3]/70"
      >
        Enter the stream of consciousness
      </p>
    </div>
    <div
      class="relative w-full p-3 flex-auto place-content-inherit align-items-inherit h-auto break-words text-left overflow-y-auto subpixel-antialiased flex flex-col gap-6 px-0"
    >
      <p
        class="text-center text-sm text-[#F5E6D3]/70"
      >
        Choose login method
      </p>
      <form
        class="flex flex-col gap-3 rounded-3xl border border-white/10 bg-white/5 p-4"
        data-testid="credentials-form"
      >
        <div
          class="space-y-1"
        >
          <label
            class="text-xs uppercase tracking-[0.3em] text-[#F5E6D3]/60"
            for="auth-email"
          >
            Email
          </label>
          <input
            autocomplete="email"
            class="w-full rounded-full border border-white/20 bg-black/20 px-4 py-2 text-sm text-white placeholder:text-white/40 focus:border-white/60 focus:outline-none"
            data-testid="email-input"
            id="auth-email"
            required=""
            type="email"
            value=""
          />
        </div>
        <div
          class="space-y-1"
        >
          <label
            class="text-xs uppercase tracking-[0.3em] text-[#F5E6D3]/60"
            for="auth-password"
          >
            Password
          </label>
          <input
            autocomplete="current-password"
            class="w-full rounded-full border border-white/20 bg-black/20 px-4 py-2 text-sm text-white placeholder:text-white/40 focus:border-white/60 focus:outline-none"
            data-testid="password-input"
            id="auth-password"
            required=""
            type="password"
            value=""
          />
        </div>
        <button
          class="rounded-full bg-[#F5E6D3] px-6 py-2 text-sm font-semibold uppercase tracking-[0.3em] text-black transition hover:bg-white disabled:opacity-50"
          data-testid="login-button"
          disabled=""
          type="submit"
        >
          Войти
        </button>
        <p
          class="text-center text-[10px] uppercase tracking-[0.35em] text-[#F5E6D3]/50"
        >
          Для QA и Playwright тестов
        </p>
      </form>
      <button
        class="group flex w-full items-center justify-center gap-2 rounded-2xl border border-ink/15 bg-[color:var(--color-panel)] px-4 py-3 text-sm font-semibold text-ink shadow-lg transition-colors duration-200 focus-visible:outline-none focus-visible:ring-2 focus-visible:ring-offset-2 focus-visible:ring-ink/30 disabled:cursor-not-allowed disabled:opacity-50 !bg-[#F5E6D3]/10 !text-[#F5E6D3] !border-[#F5E6D3]/30 hover:!shadow-[0_0_20px_rgba(245,230,211,0.2)] hover:!bg-[#F5E6D3]/20 hover:!border-[#F5E6D3]/50 border transition-all duration-300"
        type="button"
      >
        <svg
          class="w-5 h-5 mr-2"
          viewBox="0 0 48 48"
        >
          <path
            d="M43.611 20.083H42V20H24v8h11.303c-1.649 4.657-6.08 8-11.303 8c-6.627 0-12-5.373-12-12s5.373-12 12-12c3.059 0 5.842 1.154 7.961 3.039L38.802 9.92C34.553 6.08 29.613 4 24 4C12.955 4 4 12.955 4 24s8.955 20 20 20s20-8.955 20-20c0-1.341-.138-2.65-.389-3.917z"
            fill="#FFC107"
          />
          <path
            d="M6.306 14.691c-1.645 3.119-2.645 6.632-2.645 10.309C3.661 30.631 5.013 34.41 7.096 37.52l6.98-5.498c-1.03-1.91-1.6-4.08-1.6-6.32s.57-4.41 1.6-6.32l-6.98-5.498z"
            fill="#FF3D00"
          />
          <path
            d="M24 44c5.166 0 9.86-1.977 13.2-5.25l-6.52-5.02c-2.14 1.45-4.84 2.27-7.68 2.27-4.83 0-8.99-2.6-10.9-6.22l-6.98 5.498C9.005 39.99 15.95 44 24 44z"
            fill="#4CAF50"
          />
          <path
            d="M43.611 20.083H42V20H24v8h11.303c-.792 2.237-2.231 4.16-4.082 5.571l6.52 5.02C41.319 36.133 44 30.608 44 24c0-1.341-.138-2.65-.389-3.917z"
            fill="#1976D2"
          />
        </svg>
        <span
          class="tracking-wide"
        >
          Continue with Google
        </span>
      </button>
      <div
        class="relative"
      >
        <div
          aria-hidden="true"
          class="absolute inset-0 flex items-center"
        >
          <div
            class="w-full border-t border-white/15"
          />
        </div>
        <div
          class="relative flex justify-center text-xs uppercase tracking-[0.4em]"
        >
          <span
            class="bg-transparent px-3 text-white/60"
          >
            or
          </span>
        </div>
      </div>
      <button
        class="w-full flex items-center justify-center gap-2 px-4 py-3 rounded-full
              bg-[#F5E6D3]/10 text-[#F5E6D3] border border-[#F5E6D3]/30
              hover:shadow-[0_0_20px_rgba(245,230,211,0.2)] hover:bg-[#F5E6D3]/20 hover:border-[#F5E6D3]/50
              transition-all duration-300 disabled:opacity-50"
      >
        <svg
          class="lucide lucide-send w-5 h-5"
          fill="none"
          height="24"
          stroke="currentColor"
          stroke-linecap="round"
          stroke-linejoin="round"
          stroke-width="2"
          viewBox="0 0 24 24"
          width="24"
          xmlns="http://www.w3.org/2000/svg"
        >
          <path
            d="m22 2-7 20-4-9-9-4Z"
          />
          <path
            d="M22 2 11 13"
          />
        </svg>
        <span>
          Войти через Telegram
        </span>
      </button>
    </div>
  </div>
</div>
`;
